../Core/Src/stm32f3xx_it.c:105:6:NMI_Handler	4	static
../Core/Src/stm32f3xx_it.c:120:6:HardFault_Handler	4	static
../Core/Src/stm32f3xx_it.c:135:6:MemManage_Handler	4	static
../Core/Src/stm32f3xx_it.c:150:6:BusFault_Handler	4	static
../Core/Src/stm32f3xx_it.c:165:6:UsageFault_Handler	4	static
../Core/Src/stm32f3xx_it.c:180:6:SVC_Handler	4	static
../Core/Src/stm32f3xx_it.c:193:6:DebugMon_Handler	4	static
../Core/Src/stm32f3xx_it.c:206:6:PendSV_Handler	4	static
../Core/Src/stm32f3xx_it.c:219:6:SysTick_Handler	8	static
../Core/Src/stm32f3xx_it.c:240:6:USB_LP_CAN_RX0_IRQHandler	8	static
../Core/Src/stm32f3xx_it.c:267:6:TIM2_IRQHandler	8	static
../Core/Src/stm32f3xx_it.c:304:6:TIM3_IRQHandler	112	static
