../Core/Src/stm32f3xx_it.c:99:6:NMI_Handler	4	static
../Core/Src/stm32f3xx_it.c:114:6:HardFault_Handler	4	static
../Core/Src/stm32f3xx_it.c:129:6:MemManage_Handler	4	static
../Core/Src/stm32f3xx_it.c:144:6:BusFault_Handler	4	static
../Core/Src/stm32f3xx_it.c:159:6:UsageFault_Handler	4	static
../Core/Src/stm32f3xx_it.c:174:6:SVC_Handler	4	static
../Core/Src/stm32f3xx_it.c:187:6:DebugMon_Handler	4	static
../Core/Src/stm32f3xx_it.c:200:6:PendSV_Handler	4	static
../Core/Src/stm32f3xx_it.c:213:6:SysTick_Handler	8	static
../Core/Src/stm32f3xx_it.c:234:6:USB_LP_CAN_RX0_IRQHandler	8	static
../Core/Src/stm32f3xx_it.c:262:6:TIM3_IRQHandler	8	static
../Core/Src/stm32f3xx_it.c:285:6:TIM4_IRQHandler	8	static
